[index-2.html]
[backblue.gif]
[fade.gif]
[index.html]
[0/25.css]
[0/984.css]
[0/leglbls1.html]
[upload/skype-uri.html]
[analytics.js]
[0/lemd921.html]
[home.html]
[upload/website_images/wcm-logo.png]
[jsapi/75448219-0b5f-4561-b3a1-a4cb1a44ba50.js]
[work.html]
[ajax/libs/jquery/2.0.2/jquery.min.js]
[people.html]
[about.html]
[capabilities.html]
[experience.html]
[soapbox.html]
[careers.html]
[contact-us.html]
[terms-of-use-privacy-policy.html]
[index-2.html]
[upload/image_library/close-icon.png]
[upload/image_library/arrow-left.png]
[upload/image_library/arrow-right.png]
[upload/image_library/bg-contact-large.png]
[upload/image_library/contact-tablet-landscape.jpg]
[upload/image_library/contact-tablet-portrait.jpg]
[upload/image_library/bg-contact-small.png]
[upload/website_images/body-bg-img.png]
[upload/image_library/body-bg-img.jpg]
[upload/image_library/wcm-stripes.png]
[0/25.css]
[0/984.css]
[0/ProcessCache.ajax]
[0/clone(this.data);var]
[0/{selected_options___,category_definition_{type__cat_def3_,id_0,deleteRecord_false,createRecord_false}.html]
[0/{default_value___,value___,category_definition_{type__cat_def3_,id_0,deleteRecord_false,createRecord_false}.html]
[0/{str_format__simple_,do_update_false,date_time_{date_{date_1,month_1,year_1}.html]
[0/{do_update_false,user_name_'',user_id_0}.html]
[0/{recordName_'',updateOnImport_true}.html]
[0/GetHtmlForXml.ajax]
[0/GetHtmlForEditor.ajax]
[0/GetHtml.ajax]
[0/ProcessMiniCache.ajax]
[0/this.templates[type];var]
[upload/js_globals/background_images/ulc.png]
[upload/js_globals/background_images/urc.png]
[upload/js_globals/background_images/llc.png]
[upload/js_globals/background_images/lrc.png]
[upload/js_globals/background_images/b9o_gradient_title_bar.gif]
[upload/js_globals/generic_images/popup_close.gif]
[0/rTC[i];var.html]
[upload/custom_screens/architect/moduleeditor/progress_icon.gif]
[0/aAction.32.delayed]
[0/el.pathname;var]
[0/le8778_0.html]
[0/curScript.src;if(__!=src){scriptSources.push(curScript);}]
[0/kV.split(_=_);params[data[0]]=data[1];}]
[upload/custom_screens/architect/imagelibrary/x_icon.gif]
[0/styles[i];var.html]
[0/le8498_0.html]
[0/le7473_0.html]
[0/fragInfo[id];var.html]
[upload/custom_screens/architect/components/dropdownmenu/grip_dot.gif]
[upload/custom_screens/components/dropdownmenu/submenu_arrow.gif]
[upload/custom_screens/components/dropdownmenu/white_arrow_left.gif]
[upload/custom_screens/rteeditor/html_icon.gif]
[upload/custom_screens/sitearchitect/page_sm.png]
[upload/custom_screens/sitearchitect/folder_sm.png]
[0/window.location.44.delayed]
[__+sources[i];vidString+=_.html]
[0/leglbls1.html]
[upload/skype-uri.html]
[cssapi/20592d13-83b7-47bf-bfce-cc04ebd4f31a.html]
[0/gE(_.html]
[0/lemd921.html]
[0/928.css]
[0/lemd866.html]
[upload/image_library/carrotd41d.png]
[home.html]
[0/985.css]
[0/863.css]
[0/lemd922.html]
[harvard-kennedy-school.html]
[bungee.html]
[harvard-pilgrim-health-care.html]
[summer-infant.html]
[digital-federal-credit-union.html]
[boston-private-bank.html]
[bertuccis.html]
[steinway-and-sons.html]
[minuteman-health.html]
[aaa-southern-new-england.html]
[keurig.html]
[work.html]
[0/966.css]
[0/lemd903.html]
[jack-wallwork.html]
[richard-mckenna.html]
[people.html]
[0/933.css]
[0/lemd870.html]
[about.html]
[0/923.css]
[0/lemd862.html]
[brand-strategy.html]
[media-planning-and-buying.html]
[marketing-consulting.html]
[advertising.html]
[public-relations.html]
[cultural-conversion.html]
[interactive.html]
[direct-response.html]
[design.html]
[social-media.html]
[content-creation.html]
[web-video.html]
[capabilities.html]
[0/931.css]
[0/lemd868.html]
[financial.html]
[healthcare.html]
[consumer-lifestyle.html]
[technology.html]
[retail.html]
[b2b.html]
[real-state.html]
[education.html]
[international.html]
[experience.html]
[0/978.css]
[0/lemd915.html]
[Soap Box/2014_02_27 - Alan Rozich of Bio Conversion Solutions on Soap Box.mp3]
[Soap Box/2013_11_13_KennethJVacovec_VacovecMayotteSingerLLP_TheSoapBox.mp3]
[soapbox.html]
[0/1036.css]
[0/lemd971.html]
[studio-artist.html]
[digital-designer.html]
[careers.html]
[0/980.css]
[0/lemd917.html]
[contact-us.html]
[0/945.css]
[0/lemd882.html]
[terms-of-use-privacy-policy.html]
[0/clone(this.html]
[screens/generic/small_calendar_styles.css]
[0/le7363_595.html]
[0/{selected_options___,category_definition_{type__cat_def3_,id_0,deleteRecord_false,createRecord_false}.html]
[0/{default_value___,value___,category_definition_{type__cat_def3_,id_0,deleteRecord_false,createRecord_false}.html]
[0/{str_format__simple_,do_update_false,date_time_{date_{date_1,month_1,year_1}.html]
[0/{do_update_false,user_name_'',user_id_0}.html]
[0/{recordName_'',updateOnImport_true}.html]
[0/this.html]
[0/rTC[i];var.html]
[0/aAction.html]
[0/el.html]
[0/le8778_0.html]
[0/curScript.src;if(__!=src){scriptSources.html]
[0/kV.html]
[0/styles[i];var.html]
[screens/generic/ga_script.html]
[upload/custom_screens/html5/livepage/duplicate.png]
[upload/custom_screens/sitearchitect/livepage/block_x.gif]
[0/this.iFrames[i];var]
[0/le8548_0.html]
[0/path+_f25f.html]
[js/feather.js]
[upload/custom_screens/components/colorpicker/color_arrow_down.gif]
[0/le8585_0.html]
[upload/js_globals/generic_images/down_arrow.gif]
[0/urlInfo.getChildField(_url_).getValue().91.delayed]
[upload/custom_screens/calendar/popups/respond_now_img.gif]
[upload/custom_screens/invitations/lock.gif]
[0/NewAutoComplete4ef4.ajax]
[0/linkEl.href;rA(linkEl,_href_);this.delinkedEls.push(linkEl);}]
[0/this.getKeyCode(event);if(!((code]
[upload/custom_screens/html5/livepage/lp_delete_frame_icon.gif]
[upload/custom_screens/html5/livepage/lp_edit_frame_icon.jpg]
[0/gA(linkEl,_a_href_);window.location.href=UrlUtil.html]
[0/le8650_0.html]
[0/le8510_0.html]
[0/le5227_0.html]
[upload/custom_screens/html5/livepage/close_icon.gif]
[0/cls.getCssText();var]
[0/this.getKeyCode(event);if(code]
[0/this.editor.getCode(props);this.editor.a2.delayed]
[0/this.getKeyCode(event);var]
[0/sheet.href;if(!href){return]
[0/le8763_0.html]
[0/le8773_0.html]
[upload/custom_screens/html5/livepage/layout/mondrian/mg-align-ml.gif]
[upload/custom_screens/html5/livepage/layout/mondrian/mg-align-mm.gif]
[upload/custom_screens/html5/livepage/layout/mondrian/mg-align-mr.gif]
[upload/custom_screens/moduleeditor/item_open_icon.gif]
[upload/custom_screens/moduleeditor/item_closed_icon.gif]
[0/UrlUtil.addParamsToUrl(newUrl,params);window.open(url);}]
[0/le8501_0.html]
[0/le8498_0.html]
[0/le7473_0.html]
[0/fragInfo[id];var.html]
[0/upload/custom_screens/sitearchitect/arrow-down.html]
[0/upload/custom_screens/sitearchitect/arrow-right.html]
[0/window.location.html]
[__+sources[i];vidString+=_.html]
[0/gE(_.html]
[upload/image_library/home_background_gif.gif]
[0/928.css]
[0/lemd866.html]
[upload/image_library/hks-thumb.jpg]
[upload/image_library/steinway.jpg]
[upload/image_library/dcu-thumb.jpg]
[upload/image_library/hphc-grid-item.jpg]
[upload/image_library/summer_infant-grid-item.jpg]
[upload/image_library/boston_private_bank-grid-item.jpg]
[upload/image_library/bertuccis-work-grid.jpg]
[upload/image_library/minuteman-thumb.jpg]
[upload/image_library/aaa-grid-item.jpg]
[upload/image_library/bunge-grid-item.jpg]
[upload/image_library/keurig-grid-item.jpg]
[0/985.css]
[upload/image_library/minuteman_health_copy.jpg]
[upload/image_library/dcu.jpg]
[0/863.css]
[0/lemd922.html]
[0/710.css]
[0/756.css]
[0/757.css]
[harvard-kennedy-school.html]
[bungee.html]
[0/760.css]
[0/761.css]
[harvard-pilgrim-health-care.html]
[0/765.css]
[0/766.css]
[summer-infant.html]
[0/771.css]
[0/772.css]
[digital-federal-credit-union.html]
[0/783.css]
[0/784.css]
[boston-private-bank.html]
[0/735.css]
[0/743.css]
[bertuccis.html]
[0/777.css]
[0/778.css]
[steinway-and-sons.html]
[0/790.css]
[0/792.css]
[minuteman-health.html]
[0/718.css]
[0/730.css]
[aaa-southern-new-england.html]
[0/829.css]
[0/830.css]
[keurig.html]
[upload/image_library/bio-jack2.png]
[upload/image_library/bio-rick3.png]
[upload/image_library/bio-allison-5.png]
[upload/image_library/bio-tim1.png]
[0/966.css]
[0/lemd903.html]
[0/987.css]
[0/1009.css]
[0/lemd924.html]
[jack-wallwork.html]
[0/1011.css]
[richard-mckenna.html]
[0/1017.css]
[alison-costello.html]
[upload/image_library/bg-about-large.png]
[upload/image_library/about-tablet-portrait.jpg]
[upload/image_library/bg-about-xs.png]
[upload/image_library/about-mobile-portrait.jpg]
[0/933.css]
[0/lemd870.html]
[upload/image_library/bg-capabilities-large.jpg]
[upload/image_library/bg-capabilities-med.png]
[upload/image_library/bg-capabilities-smallj.jpg]
[0/923.css]
[0/lemd862.html]
[0/935.css]
[0/951.css]
[brand-strategy.html]
[0/958.css]
[media-planning-and-buying.html]
[0/957.css]
[marketing-consulting.html]
[0/950.css]
[advertising.html]
[0/959.css]
[public-relations.html]
[0/953.css]
[cultural-conversion.html]
[0/956.css]
[interactive.html]
[0/955.css]
[direct-response.html]
[0/954.css]
[design.html]
[0/960.css]
[social-media.html]
[0/952.css]
[content-creation.html]
[0/964.css]
[web-video.html]
[upload/image_library/L-XL_experience_bg.jpg]
[upload/image_library/M_experience_bg.jpg]
[upload/image_library/XXS-S_experience_bg.jpg]
[0/931.css]
[0/lemd868.html]
[0/965.css]
[financial.html]
[0/967.css]
[healthcare.html]
[0/969.css]
[consumer-lifestyle.html]
[0/970.css]
[technology.html]
[0/971.css]
[retail.html]
[0/972.css]
[b2b.html]
[real-state.html]
[0/974.css]
[education.html]
[0/975.css]
[international.html]
[upload/image_library/1920x1080_SoapBox.png]
[upload/image_library/soapbox-logo.png]
[0/978.css]
[0/lemd915.html]
[Soap Box/2014_02_27 - Alan Rozich of Bio Conversion Solutions on Soap Box.mp3]
[Soap Box/2014_05_27 - Emma Wade OBE of British Embassy Washington on The Soap Box.html]
[Soap Box/2013_11_13_KennethJVacovec_VacovecMayotteSingerLLP_TheSoapBox.mp3]
[upload/image_library/WCM-logo.jpg]
[0/1036.css]
[0/lemd971.html]
[0/1038.css]
[0/lemd973.html]
[studio-artist.html]
[0/1037.css]
[0/lemd972.html]
[digital-designer.html]
[upload/image_library/f_logo.png]
[upload/image_library/LinkedIn-Logo-2C.png]
[upload/image_library/twitter-bird-white-on-blue.png]
[upload/image_library/yt-brand-logo-print.png]
[upload/image_library/callbutton_32px.png]
[0/980.css]
[0/lemd917.html]
[0/945.css]
[0/lemd882.html]
[upload/custom_screens/generic_images/littleCalendarBackArrow.gif]
[upload/custom_screens/generic_images/littleCalendarForwardArrow.gif]
[screens/generic/small_calendar_styles.css]
[0/le7363_595.html]
[screens/generic/ga_script.html]
[0/this-2.html]
[0/NameAutoComplete73b8.ajax]
[0/le8548_0.html]
[0/UserNameAutoComplete73b8.ajax]
[0/path+_f25f.html]
[0/le8585_0.html]
[0/urlInfo.getChildField(_url_).getValue().html]
[0/thisObj.html]
[0/linkEl.href;rA(linkEl,_href_);this.delinkedEls.html]
[0/this-3.html]
[0/gA(linkEl,_a_href_);window.location.href=UrlUtil.html]
[0/(__!=urlVal)d118.html]
[0/le8620_0.html]
[upload/custom_screens/sitearchitect/newmodule1-blank.png]
[upload/custom_screens/sitearchitect/newmodule2-duplicate.png]
[upload/custom_screens/sitearchitect/arrow-down.png]
[upload/custom_screens/sitearchitect/arrow-right.png]
[upload/custom_screens/sitearchitect/editor/lefttoolbar/module.png]
[0/le8639_0.html]
[upload/custom_screens/sitearchitect/newtemplate1-blank.png]
[upload/custom_screens/sitearchitect/newtemplate2-duplicate.png]
[upload/custom_screens/sitearchitect/editor/lefttoolbar/template.png]
[0/le8657_0.html]
[0/le8659_0.html]
[upload/custom_screens/sitearchitect/create_x.png]
[0/le8650_0.html]
[upload/custom_screens/html5/livepage/nav_bullseye.png]
[0/le8510_0.html]
[0/le5227_0.html]
[0/upload/custom_screens/explorer/table/icon_delete.html]
[0/cls.html]
[0/this-4.html]
[0/this.editor.getCode(props);this.editor.html]
[0/this-5.html]
[0/sheet.html]
[0/le8763_0.html]
[0/le8773_0.html]
[0/UrlUtil.addParamsToUrl(newUrl,params);window.html]
[__+toRemove;var.html]
[__);var.html]
[__+toRemove+loc.pathname+__href=/__+toRemove;var]
[__);return.html]
[0/le8501_0.html]
[upload/image_library/home_background_gif.gif]
[0/710.css]
[upload/image_library/13-HKS-Print_Gov_540.jpg]
[0/756.css]
[upload/image_library/DM_Cover.jpg]
[0/757.css]
[0/760.css]
[0/761.css]
[0/765.css]
[upload/image_library/Summer_POM_2_ad_540.jpg]
[0/766.css]
[0/771.css]
[0/772.css]
[0/783.css]
[0/784.css]
[upload/image_library/WCM_Bert_home_Print_540-O.jpg]
[upload/image_library/WCM_Bert_lunch_Print_540-O.jpg]
[0/735.css]
[0/743.css]
[0/777.css]
[upload/image_library/Steinway_Grand_540.jpg]
[0/778.css]
[0/790.css]
[0/792.css]
[0/718.css]
[0/730.css]
[0/829.css]
[upload/image_library/13-BNG-006_FAIL_540.jpg]
[0/830.css]
[0/987.css]
[0/1009.css]
[0/lemd924.html]
[0/1011.css]
[0/1017.css]
[0/935.css]
[0/951.css]
[0/958.css]
[0/957.css]
[0/950.css]
[0/959.css]
[0/953.css]
[0/956.css]
[0/955.css]
[0/954.css]
[0/960.css]
[0/952.css]
[0/964.css]
[0/965.css]
[0/967.css]
[0/969.css]
[0/970.css]
[0/971.css]
[0/972.css]
[0/974.css]
[0/975.css]
[Soap Box/2014_02_27 - Alan Rozich of Bio Conversion Solutions on Soap Box.mp3]
[upload/image_library/3D9A9349_retouched.html]
[0/1038.css]
[0/lemd973.html]
[0/1037.css]
[0/lemd972.html]
[0/(__!=urlVal)d118.html]
[0/le8620_0.html]
[0/le8639_0.html]
[0/le8657_0.html]
[0/le8659_0.html]
[__+toRemove;var.html]
[__);var.html]
[__+toRemove+loc.pathname+__href=/__+toRemove;var.html]
[__);return.html]
[Soap Box/2013_11_13_KennethJVacovec_VacovecMayotteSingerLLP_TheSoapBox.mp3]
